;
; BASIC program with all tokens represented.
; For use by the basic.py script to test LOAD and LIST
; and to exercise the complete syntaxer / tokenizer.
;
 0   . Comment
 0 RE. Comment
 0 REM Comment
 1 D.DATA
 1 DA.DATA
 1 DAT.DATA
 1 DATADATA
 2 I.A:IN.A:INP.A:INPU.A:INPUTA
 3 C.A:CO.A:COL.A:COLO.A:COLORA
 4 L.:LI.A:LIS.A,B:LISTA,B
 5 E."C:A.LST":EN."C:B.LST":ENT."C:C.LST":ENTE."C:D.LST":ENTER"C:E.LST"
 6 LE.A=A:LETA=A
 7 IFA=A THEN1000
 8 F.A=A TOA STEPA:FO.A=A TOA STEPA:FORA=A TOA STEPA
 9 N.A:NE.A:NEX.A:NEXTA
10 G.A:GO.A:GOT.A:GOTOA
11 GO TO A
12 GOS.A:GOSU.A:GOSUBA
13 T.A:TR.A:TRA.A:TRAPA
14 B.:BY.:BYE
15 CON.:CONT
16 COMB(1)
17 CL.#I:CLO.#I:CLOS.#I:CLOSE#I
18 CLR
19 DEG
20 DIMB(1)
21 END
22 NEW
23 O.#I,4,0,"S:":OP.#I,4,0,"S:":OPE.#I,4,0,"S:":OPEN#I,4,0,"S:"
24 LO."D:FILE.BAS":LOA."D:FILE.BAS":LOAD"D:FILE.BAS"
25 S."D:FILE.BAS":SA."D:FILE.BAS":SAV."D:FILE.BAS":SAVE"D:FILE.BAS"
26 ST.#I,A:STA.#I,A:STAT.#I,A:STATU.#I,A:STATUS#I,A
27 NO.#I,A,A:NOT.#I,A,A:NOTE#I,A,A
28 P.#I,A,A:PO.#I,A,A:POI.#I,A,A:POIN.#I,A,A:POINT#I,A,A
29 XIO18,#6,0,0,"S:"
30 ONA GOTO A,A,A
31 POK.A,A:POKEA,A
32 PR.A$;":",A:PRI.A$:PRIN.A$:PRINTA$
33 RAD
34 REA.A,A:READA,A
35 RES.1000:REST.1000:RESTO.1000:RESTOR.1000:RESTORE1000
36 RET.:RETU.:RETUR.:RETURN
37 RU.:RUN
38 STO.:STOP
39 POP
40 ?A,A;
41 GET#I,A
42 PUT#I,A
43 GR.A:GRA.A:GRAP.A:GRAPH.A:GRAPHI.A:GRAPHIC.A:GRAPHICSA
44 PL.A,A:PLO.A,A:PLOTA,A
45 POS.A,A:POSI.A,A:POSIT.A,A:POSITI.A,A:POSITIO.A,A:POSITIONA,A
46 DOS
47 DR.A,A:DRA.A,A:DRAW.A,A:DRAWT.A,A:DRAWTOA,A
48 SE.A,A,A:SET.A,A,A:SETC.A,A,A:SETCO.A,A,A:SETCOL.A,A,A:SETCOLO.A,A,A:SETCOLORA,A,A
49 LOC.A,A,A:LOCA.A,A,A:LOCAT.A,A,A:LOCATEA,A,A
50 SO.A,A,A,A:SOU.A,A,A,A:SOUN.A,A,A,A:SOUNDA,A,A,A
51 LP."A",A:LPR."A",A:LPRI."A",A:LPRIN."A",A:LPRINT"A",A
52 CS.:CSA.:CSAV.:CSAVE
53 CL.#I:CLO.#I:CLOS.#I:CLOSE#I
54 A=5
55 Oops:. ERROR token

116 . "      Double-Quote (UNUSED?)
117 .        Expression Stack Marker
118 ?,
119 . $      Dollar Sign (UNUSED?)
120 ?:. End Expr / Stmt
121 ?;:. ;
122 A=(123+7/B):.End of expr / line
123 ON A GOTO 1,B,C,D:. ON...GOTO
124 ON A GOSUB 1,B,C,D:. ON...GOSUB
125 FORA=B TOC:.FOR ... TO
126 FORA=B TOC STEPD:.FOR ... TO ... STEP
127 IFA THEN100:IFB THEN?:.IF...THEN
128 OPEN #I,4,0,"K:":. # (OPEN)

; "Real" Operators

129 ?B<=C:.<=
130 ?B<>C:.<>
131 ?B>=C:.>=
132 ?B<C:.<
133 ?B>C:.>
134 ?B=C:.=
135 ?B^C:.^ (Up Arrow $5E+$80)
136 ?B*C:.*
137 ?B+C:.+
138 ?B-C:.-
139 ?B/C:./
140 ?NOTB:.NOT
141 ?B ORC:.OR
142 ?B ANDC:.AND
143 ?((B)):.( math
144 ?((B)):.) close (all)
145 ?A=B:.S1=S2
146 A$=B$:.N$=A$ (= for let?)
147 ?A$<=B$:. <= (str)
148 ?A$<>B$:. <> (str)
149 ?A$>=B$:. >= (str)
150 ?A$<B$:. < (str)
151 ?A$<B$:. > (str)
152 ?A$=B$:. = (str)
153 ?+B:.+ (POS)
154 ?-B:.- (NEG)
155 ?B$(A):.A$(
156 ?A(B):.SC(
157 COMA(B):.DIM SC(
158 ?CHR$(A);PEEK(B):.( for CHR$, PEEK
159 DIMB$(A):. ( for DIM S$(
160 ?A(B,C):. , Subscript Separator

; Function Tokens

161 ?STR$(A)
162 ?CHR$(A)
163 ?USR(A)
164 ?ASC(B$)
165 ?VAL(B$)
166 ?LEN(B$)
167 ?ADR(B$)

; Numeric Functions

168 ?ATN(A)
169 ?COS(A)
170 ?PEEK(A)
171 ?SIN(A)
172 ?RND(A)
173 ?FRE(A)
174 ?EXP(A)
175 ?LOG(A)
176 ?CLOG(A)
177 ?SQR(A)
178 ?SGN(A)
